Raw Start Time: '11:30', Raw End Time: '15:00'
Raw Start Time: '15:00', Raw End Time: '17:00'
Raw Start Time: '15:00' (Bytes: 31353a3030), Raw End Time: '17:00' (Bytes: 31373a3030)
Raw Start Time: '15:00' (Bytes: 31353a3030), Raw End Time: '17:00' (Bytes: 31373a3030)
normalizeTime - Initial Time: '15:00'
normalizeTime - After Cleaning: '15:00'
normalizeTime - Final Formatted Time: '15:00'
normalizeTime - Initial Time: '17:00'
normalizeTime - After Cleaning: '17:00'
normalizeTime - Final Formatted Time: '17:00'
Normalized Start Time: '15:00', Normalized End Time: '17:00'
Raw Start Time: '15:00' (Bytes: 31353a3030), Raw End Time: '17:00' (Bytes: 31373a3030)
normalizeTime - Initial Time: '15:00'
normalizeTime - After Cleaning: '15:00'
normalizeTime - Final Formatted Time: '15:00'
normalizeTime - Initial Time: '17:00'
normalizeTime - After Cleaning: '17:00'
normalizeTime - Final Formatted Time: '17:00'
Normalized Start Time: '15:00', Normalized End Time: '17:00'
Raw Start Time: '10:00' (Bytes: 31303a3030), Raw End Time: '12:00' (Bytes: 31323a3030)
normalizeTime - Initial Time: '10:00'
normalizeTime - After Cleaning: '10:00'
normalizeTime - Final Formatted Time: '10:00'
normalizeTime - Initial Time: '12:00'
normalizeTime - After Cleaning: '12:00'
normalizeTime - Final Formatted Time: '12:00'
Normalized Start Time: '10:00', Normalized End Time: '12:00'
Update - Raw Start Time: '10:00' (Bytes: 31303a3030), Raw End Time: '13:00' (Bytes: 31333a3030)
normalizeTime - Initial Time: '10:00'
normalizeTime - After Cleaning: '10:00'
normalizeTime - Final Formatted Time: '10:00'
normalizeTime - Initial Time: '13:00'
normalizeTime - After Cleaning: '13:00'
normalizeTime - Final Formatted Time: '13:00'
Update - Normalized Start Time: '10:00', Normalized End Time: '13:00'
Raw Start Time: '09:00' (Bytes: 30393a3030), Raw End Time: '11:00' (Bytes: 31313a3030)
normalizeTime - Initial Time: '09:00'
normalizeTime - After Cleaning: '09:00'
normalizeTime - Final Formatted Time: '09:00'
normalizeTime - Initial Time: '11:00'
normalizeTime - After Cleaning: '11:00'
normalizeTime - Final Formatted Time: '11:00'
Normalized Start Time: '09:00', Normalized End Time: '11:00'
